9,19c9,13
<   return /******/ (function (modules) {
<     /******/
<     /******/ var installedModules = {};
<     /******/
<     /******/
<     /******/ function __webpack_require__(moduleId) {
<       /******/
<       /******/
<       /******/ if (installedModules[moduleId]) {
<         /******/ return installedModules[moduleId].exports;
<         /******/
---
>   return  (function (modules) {
>      var installedModules = {};
>      function __webpack_require__(moduleId) {
>        if (installedModules[moduleId]) {
>          return installedModules[moduleId].exports;
21,26c15,18
<       /******/
<       /******/ var module = (installedModules[moduleId] = {
<         /******/ i: moduleId,
<         /******/ l: false,
<         /******/ exports: {},
<         /******/
---
>        var module = (installedModules[moduleId] = {
>          i: moduleId,
>          l: false,
>          exports: {},
28,30c20
<       /******/
<       /******/
<       /******/ modules[moduleId].call(
---
>        modules[moduleId].call(
36,42c26,27
<       /******/
<       /******/
<       /******/ module.l = true;
<       /******/
<       /******/
<       /******/ return module.exports;
<       /******/
---
>        module.l = true;
>        return module.exports;
44,59c29,36
<     /******/
<     /******/
<     /******/
<     /******/ __webpack_require__.m = modules;
<     /******/
<     /******/
<     /******/ __webpack_require__.c = installedModules;
<     /******/
<     /******/
<     /******/ __webpack_require__.d = function (exports, name, getter) {
<       /******/ if (!__webpack_require__.o(exports, name)) {
<         /******/ Object.defineProperty(exports, name, {
<           /******/ configurable: false,
<           /******/ enumerable: true,
<           /******/ get: getter,
<           /******/
---
>      __webpack_require__.m = modules;
>      __webpack_require__.c = installedModules;
>      __webpack_require__.d = function (exports, name, getter) {
>        if (!__webpack_require__.o(exports, name)) {
>          Object.defineProperty(exports, name, {
>            configurable: false,
>            enumerable: true,
>            get: getter,
61d37
<         /******/
63d38
<       /******/
65,68c40,41
<     /******/
<     /******/
<     /******/ __webpack_require__.n = function (module) {
<       /******/ var getter =
---
>      __webpack_require__.n = function (module) {
>        var getter =
70c43
<           ? /******/ function getDefault() {
---
>           ?  function getDefault() {
73c46
<           : /******/ function getModuleExports() {
---
>           :  function getModuleExports() {
76,78c49,50
<       /******/ __webpack_require__.d(getter, "a", getter);
<       /******/ return getter;
<       /******/
---
>        __webpack_require__.d(getter, "a", getter);
>        return getter;
80,82c52
<     /******/
<     /******/
<     /******/ __webpack_require__.o = function (object, property) {
---
>      __webpack_require__.o = function (object, property) {
85,91c55,56
<     /******/
<     /******/
<     /******/ __webpack_require__.p = "";
<     /******/
<     /******/
<     /******/ return __webpack_require__((__webpack_require__.s = 42));
<     /******/
---
>      __webpack_require__.p = "";
>      return __webpack_require__((__webpack_require__.s = 42));
93,95c58,59
<     /************************************************************************/
<     /******/ [
<       /***/ function (module, exports, __webpack_require__) {
---
>      [
>        function (module, exports, __webpack_require__) {
106d69
<         /***/
109c72
<       /***/ function (module, exports, __webpack_require__) {
---
>        function (module, exports, __webpack_require__) {
140d102
<         /***/
143c105
<       /***/ function (module, exports, __webpack_require__) {
---
>        function (module, exports, __webpack_require__) {
233d194
<         /***/
236c197
<       /***/ function (module, exports) {
---
>        function (module, exports) {
238c199
<         if (typeof __e == "number") __e = core; // eslint-disable-line no-undef
---
>         if (typeof __e == "number") __e = core; 
240d200
<         /***/
243c203
<       /***/ function (module, exports, __webpack_require__) {
---
>        function (module, exports, __webpack_require__) {
254d213
<         /***/
257c216
<       /***/ function (module, exports, __webpack_require__) {
---
>        function (module, exports, __webpack_require__) {
334d292
<         /***/
337c295
<       /***/ function (module, exports) {
---
>        function (module, exports) {
343c301
<               : // eslint-disable-next-line no-new-func
---
>               : 
345c303
<         if (typeof __g == "number") __g = global; // eslint-disable-line no-undef
---
>         if (typeof __g == "number") __g = global; 
347d304
<         /***/
350c307
<       /***/ function (module, exports, __webpack_require__) {
---
>        function (module, exports, __webpack_require__) {
372d328
<         /***/
375c331
<       /***/ function (module, exports) {
---
>        function (module, exports) {
382d337
<         /***/
385c340
<       /***/ function (module, exports) {
---
>        function (module, exports) {
394d348
<         /***/
397c351
<       /***/ function (module, exports, __webpack_require__) {
---
>        function (module, exports, __webpack_require__) {
414d367
<         /***/
417c370
<       /***/ function (module, exports, __webpack_require__) {
---
>        function (module, exports, __webpack_require__) {
429d381
<         /***/
432c384
<       /***/ function (module, exports, __webpack_require__) {
---
>        function (module, exports, __webpack_require__) {
439d390
<         /***/
442c393
<       /***/ function (module, exports) {
---
>        function (module, exports) {
448d398
<         /***/
451c401
<       /***/ function (module, exports, __webpack_require__) {
---
>        function (module, exports, __webpack_require__) {
454d403
<         /***/
457c406
<       /***/ function (module, exports) {
---
>        function (module, exports) {
467d415
<         /***/
470c418
<       /***/ function (module, exports, __webpack_require__) {
---
>        function (module, exports, __webpack_require__) {
494d441
<         /***/
497c444
<       /***/ function (module, exports, __webpack_require__) {
---
>        function (module, exports, __webpack_require__) {
506d452
<         /***/
509c455
<       /***/ function (module, exports, __webpack_require__) {
---
>        function (module, exports, __webpack_require__) {
515d460
<         /***/
518c463
<       /***/ function (module, exports, __webpack_require__) {
---
>        function (module, exports, __webpack_require__) {
617d561
<         /***/
620c564
<       /***/ function (module, exports, __webpack_require__) {
---
>        function (module, exports, __webpack_require__) {
623d566
<         /***/
626c569
<       /***/ function (module, exports, __webpack_require__) {
---
>        function (module, exports, __webpack_require__) {
633d575
<         /***/
636c578
<       /***/ function (module, exports, __webpack_require__) {
---
>        function (module, exports, __webpack_require__) {
643d584
<         /***/
646c587
<       /***/ function (module, exports) {
---
>        function (module, exports) {
653d593
<         /***/
656c596
<       /***/ function (module, exports, __webpack_require__) {
---
>        function (module, exports, __webpack_require__) {
669d608
<         /***/
672c611
<       /***/ function (module, exports, __webpack_require__) {
---
>        function (module, exports, __webpack_require__) {
698d636
<         /***/
701c639
<       /***/ function (module, exports, __webpack_require__) {
---
>        function (module, exports, __webpack_require__) {
711d648
<         /***/
714c651
<       /***/ function (module, exports) {
---
>        function (module, exports) {
720d656
<         /***/
723c659
<       /***/ function (module, exports) {
---
>        function (module, exports) {
730d665
<         /***/
733c668
<       /***/ function (module, exports, __webpack_require__) {
---
>        function (module, exports, __webpack_require__) {
740d674
<         /***/
743c677
<       /***/ function (module, exports, __webpack_require__) {
---
>        function (module, exports, __webpack_require__) {
746d679
<         /***/
749c682
<       /***/ function (module, exports) {
---
>        function (module, exports) {
752d684
<         /***/
755c687
<       /***/ function (module, exports, __webpack_require__) {
---
>        function (module, exports, __webpack_require__) {
762d693
<         /***/
765c696
<       /***/ function (module, exports, __webpack_require__) {
---
>        function (module, exports, __webpack_require__) {
767d697
<         // eslint-disable-next-line no-prototype-builtins
774d703
<         /***/
777c706
<       /***/ function (module, exports) {
---
>        function (module, exports) {
784d712
<         /***/
787c715
<       /***/ function (module, exports, __webpack_require__) {
---
>        function (module, exports, __webpack_require__) {
794d721
<         /***/
797c724
<       /***/ function (module, exports, __webpack_require__) {
---
>        function (module, exports, __webpack_require__) {
805d731
<         /***/
808c734
<       /***/ function (module, exports) {
---
>        function (module, exports) {
819d744
<         /***/
822c747
<       /***/ function (module, exports) {
---
>        function (module, exports) {
828d752
<         /***/
831c755
<       /***/ function (module, exports, __webpack_require__) {
---
>        function (module, exports, __webpack_require__) {
841d764
<         /***/
844c767
<       /***/ function (module, exports, __webpack_require__) {
---
>        function (module, exports, __webpack_require__) {
847d769
<         /***/
850c772
<       /***/ function (module, exports, __webpack_require__) {
---
>        function (module, exports, __webpack_require__) {
878d799
<               /* eslint-disable no-param-reassign */
1013d933
<               /* eslint-enable no-param-reassign */
1022d941
<         /***/
1025c944
<       /***/ function (module, exports, __webpack_require__) {
---
>        function (module, exports, __webpack_require__) {
1073d991
<         /***/
1076c994
<       /***/ function (module, exports, __webpack_require__) {
---
>        function (module, exports, __webpack_require__) {
1146d1063
<         /***/
1149c1066
<       /***/ function (module, exports, __webpack_require__) {
---
>        function (module, exports, __webpack_require__) {
1152d1068
<         /* eslint-disable */
1276d1191
<         /* eslint-enable */
1278d1192
<         /***/
1281c1195
<       /***/ function (module, exports, __webpack_require__) {
---
>        function (module, exports, __webpack_require__) {
1488d1401
<                   /* eslint-disable no-param-reassign, no-new-func */
1557d1469
<                   /* eslint-enable no-param-reassign, no-new-func */
1622d1533
<         /***/
1625c1536
<       /***/ function (module, exports, __webpack_require__) {
---
>        function (module, exports, __webpack_require__) {
1629d1539
<         /***/
1632c1542
<       /***/ function (module, exports, __webpack_require__) {
---
>        function (module, exports, __webpack_require__) {
1639d1548
<         /***/
1642c1551
<       /***/ function (module, exports, __webpack_require__) {
---
>        function (module, exports, __webpack_require__) {
1657d1565
<             // eslint-disable-next-line no-undef
1670d1577
<                 // eslint-disable-line no-unused-vars
1691d1597
<         /***/
1694c1600
<       /***/ function (module, exports, __webpack_require__) {
---
>        function (module, exports, __webpack_require__) {
1714d1619
<         /***/
1717c1622
<       /***/ function (module, exports, __webpack_require__) {
---
>        function (module, exports, __webpack_require__) {
1728d1632
<             // eslint-disable-next-line no-self-compare
1732d1635
<                 // eslint-disable-next-line no-self-compare
1744d1646
<         /***/
1747c1649
<       /***/ function (module, exports, __webpack_require__) {
---
>        function (module, exports, __webpack_require__) {
1756d1657
<         /***/
1759c1660
<       /***/ function (module, exports) {
---
>        function (module, exports) {
1762d1662
<         /***/
1765c1665
<       /***/ function (module, exports) {
---
>        function (module, exports) {
1768d1667
<         /***/
1771c1670
<       /***/ function (module, exports, __webpack_require__) {
---
>        function (module, exports, __webpack_require__) {
1898d1796
<         /***/
1901c1799
<       /***/ function (module, exports, __webpack_require__) {
---
>        function (module, exports, __webpack_require__) {
1945d1842
<               /* eslint-disable no-bitwise */
2055d1951
<               /* eslint-enable no-bitwise */
2064d1959
<         /***/
2067c1962
<       /***/ function (module, exports, __webpack_require__) {
---
>        function (module, exports, __webpack_require__) {
3592d3486
<         /***/
3595c3489
<       /***/ function (module, exports, __webpack_require__) {
---
>        function (module, exports, __webpack_require__) {
3600d3493
<         /***/
3603c3496
<       /***/ function (module, exports, __webpack_require__) {
---
>        function (module, exports, __webpack_require__) {
3626d3518
<         /***/
3629c3521
<       /***/ function (module, exports, __webpack_require__) {
---
>        function (module, exports, __webpack_require__) {
3655d3546
<         /***/
3658c3549
<       /***/ function (module, exports, __webpack_require__) {
---
>        function (module, exports, __webpack_require__) {
3771d3661
<         /***/
3774c3664
<       /***/ function (module, exports) {
---
>        function (module, exports) {
3777d3666
<         /***/
3780c3669
<       /***/ function (module, exports, __webpack_require__) {
---
>        function (module, exports, __webpack_require__) {
3783d3671
<         /***/
3786c3674
<       /***/ function (module, exports, __webpack_require__) {
---
>        function (module, exports, __webpack_require__) {
3809d3696
<         /***/
3812c3699
<       /***/ function (module, exports, __webpack_require__) {
---
>        function (module, exports, __webpack_require__) {
3828c3715
<           iframe.src = "javascript:"; // eslint-disable-line no-script-url
---
>           iframe.src = "javascript:"; 
3855d3741
<         /***/
3858c3744
<       /***/ function (module, exports, __webpack_require__) {
---
>        function (module, exports, __webpack_require__) {
3875d3760
<         /***/
3878c3763
<       /***/ function (module, exports, __webpack_require__) {
---
>        function (module, exports, __webpack_require__) {
3882d3766
<         /***/
3885c3769
<       /***/ function (module, exports, __webpack_require__) {
---
>        function (module, exports, __webpack_require__) {
3905d3788
<         /***/
3908c3791
<       /***/ function (module, exports, __webpack_require__) {
---
>        function (module, exports, __webpack_require__) {
3970d3852
<         /***/
3973c3855
<       /***/ function (module, exports, __webpack_require__) {
---
>        function (module, exports, __webpack_require__) {
3985d3866
<         /***/
3988c3869
<       /***/ function (module, exports, __webpack_require__) {
---
>        function (module, exports, __webpack_require__) {
4000d3880
<         /***/
4003c3883
<       /***/ function (module, exports, __webpack_require__) {
---
>        function (module, exports, __webpack_require__) {
4015d3894
<         /***/
4018c3897
<       /***/ function (module, exports, __webpack_require__) {
---
>        function (module, exports, __webpack_require__) {
4029d3907
<         /***/
4032c3910
<       /***/ function (module, exports, __webpack_require__) {
---
>        function (module, exports, __webpack_require__) {
4064d3941
<         /***/
4067c3944
<       /***/ function (module, exports, __webpack_require__) {
---
>        function (module, exports, __webpack_require__) {
4076d3952
<           // eslint-disable-next-line no-throw-literal
4099d3974
<         /***/
4102c3977
<       /***/ function (module, exports, __webpack_require__) {
---
>        function (module, exports, __webpack_require__) {
4272d4146
<         /***/
4275c4149
<       /***/ function (module, exports, __webpack_require__) {
---
>        function (module, exports, __webpack_require__) {
4278d4151
<         /***/
4281c4154
<       /***/ function (module, exports, __webpack_require__) {
---
>        function (module, exports, __webpack_require__) {
4285d4157
<         /***/
4288c4160
<       /***/ function (module, exports, __webpack_require__) {
---
>        function (module, exports, __webpack_require__) {
4293d4164
<             // eslint-disable-next-line no-self-compare
4298d4168
<         /***/
4301c4171
<       /***/ function (module, exports, __webpack_require__) {
---
>        function (module, exports, __webpack_require__) {
4304d4173
<         /***/
4307c4176
<       /***/ function (module, exports, __webpack_require__) {
---
>        function (module, exports, __webpack_require__) {
4311d4179
<         /***/
4314c4182
<       /***/ function (module, exports, __webpack_require__) {
---
>        function (module, exports, __webpack_require__) {
4324d4191
<         /***/
4327c4194
<       /***/ function (module, exports, __webpack_require__) {
---
>        function (module, exports, __webpack_require__) {
4331d4197
<         /* eslint-disable */
4663d4528
<         /* eslint-enable */
4665d4529
<         /***/
4668c4532
<       /***/ function (module, exports, __webpack_require__) {
---
>        function (module, exports, __webpack_require__) {
5017d4880
<         /***/
5020c4883
<       /***/ function (module, exports, __webpack_require__) {
---
>        function (module, exports, __webpack_require__) {
5024d4886
<         /***/
5027c4889
<       /***/ function (module, exports, __webpack_require__) {
---
>        function (module, exports, __webpack_require__) {
5037d4898
<         /***/
5040c4901
<       /***/ function (module, exports, __webpack_require__) {
---
>        function (module, exports, __webpack_require__) {
5059d4919
<         /***/
5062c4922
<       /***/ function (module, exports, __webpack_require__) {
---
>        function (module, exports, __webpack_require__) {
5087d4946
<         /***/
5090c4949
<       /***/ function (module, exports, __webpack_require__) {
---
>        function (module, exports, __webpack_require__) {
5842d5700
<                     // TODO: use drawArraysInstanced
5942d5799
<         /***/
5945c5802
<       /***/ function (module, exports, __webpack_require__) {
---
>        function (module, exports, __webpack_require__) {
6213d6069
<                     // eslint-disable-next-line no-param-reassign
6350d6205
<                   // TODO: use drawArraysInstanced
6384d6238
<         /***/
6387c6241
<       /***/ function (module, exports, __webpack_require__) {
---
>        function (module, exports, __webpack_require__) {
6738d6591
<                   // eslint-disable-next-line no-param-reassign
6958d6810
<                   // TODO: use drawArraysInstanced
6993d6844
<         /***/
6996c6847
<       /***/ function (module, exports, __webpack_require__) {
---
>        function (module, exports, __webpack_require__) {
7280d7130
<         /***/
7283c7133
<       /***/ function (module, exports, __webpack_require__) {
---
>        function (module, exports, __webpack_require__) {
7490d7339
<         /***/
7493c7342
<       /***/ function (module, exports, __webpack_require__) {
---
>        function (module, exports, __webpack_require__) {
7752d7600
<         /***/
7755c7603
<       /***/ function (module, exports, __webpack_require__) {
---
>        function (module, exports, __webpack_require__) {
8746d8593
<         /***/
8749c8596
<       /***/ function (module, exports, __webpack_require__) {
---
>        function (module, exports, __webpack_require__) {
9864d9710
<                   /* eslint-disable max-len */
9903d9748
<                   /* eslint-enable max-len */
9916d9760
<         /***/
9919c9763
<       /***/ function (module, exports, __webpack_require__) {
---
>        function (module, exports, __webpack_require__) {
10116d9959
<         /***/
10119c9962
<       /***/ function (module, exports, __webpack_require__) {
---
>        function (module, exports, __webpack_require__) {
10236d10078
<         /***/
10239c10081
<       /***/ function (module, exports, __webpack_require__) {
---
>        function (module, exports, __webpack_require__) {
10486d10327
<         /***/
10489c10330
<       /***/ function (module, exports, __webpack_require__) {
---
>        function (module, exports, __webpack_require__) {
10657d10497
<         /***/
10660c10500
<       /***/ function (module, exports, __webpack_require__) {
---
>        function (module, exports, __webpack_require__) {
10866d10705
<         /***/
10869c10708
<       /***/ function (module, exports, __webpack_require__) {
---
>        function (module, exports, __webpack_require__) {
11457d11295
<         /***/
11460c11298
<       /***/ function (module, exports, __webpack_require__) {
---
>        function (module, exports, __webpack_require__) {
11498d11335
<             /* eslint-disable max-len */
11519d11355
<             /* eslint-enable max-len */
11620d11455
<         /***/
11623c11458
<       /***/ function (module, exports, __webpack_require__) {
---
>        function (module, exports, __webpack_require__) {
12031d11865
<         /***/
12034c11868
<       /***/ function (module, exports, __webpack_require__) {
---
>        function (module, exports, __webpack_require__) {
12310d12143
<         /***/
12312d12144
<       /******/
